// Jest Snapshot v1, https://goo.gl/fbAQLP

exports[`SearchResultsError should render correctly 1`] = `
<div
  className="bpk-card bpk-card--padded SearchResultsError"
  role="button"
>
  <span
    className="bpk-text bpk-text--xl SearchResultsErrorMessage"
  >
    test message
  </span>
  <button
    className="bpk-button bpk-button--large"
    disabled={false}
    onClick={[Function]}
    type="button"
  >
    test label
  </button>
</div>
`;
