// Jest Snapshot v1, https://goo.gl/fbAQLP

exports[`SearchResultsActions should render correctly 1`] = `
<div
  className="SearchResultsActions"
>
  <div
    className="SearchResultsActions__action-item"
    onClick={[Function]}
    onKeyPress={[Function]}
    role="button"
    tabIndex="0"
  >
    <span
      className="bpk-text bpk-text--lg"
    >
      Filter
    </span>
  </div>
  <div
    className="SearchResultsActions__action-item"
    onClick={[Function]}
    onKeyPress={[Function]}
    role="button"
    tabIndex="0"
  >
    <span
      className="bpk-text bpk-text--lg"
    >
      Sort
    </span>
  </div>
  <div
    className="SearchResultsActions__action-item SearchResultsActions__action-item--is-last"
    onClick={[Function]}
    onKeyPress={[Function]}
    role="button"
    tabIndex="0"
  >
    <span
      className="bpk-text bpk-text--lg"
    >
      <span
        style={
          Object {
            "display": "inline-block",
            "lineHeight": "1.5rem",
            "marginTop": "0.1875rem",
            "verticalAlign": "top",
          }
        }
      >
        <svg
          className="SearchResultsActions__alert-icon"
          height="24"
          style={
            Object {
              "height": "1.5rem",
              "width": "1.5rem",
            }
          }
          width="24"
          xmlns="http://www.w3.org/2000/svg"
        >
          <path
            d="M18 13.2c.2 2.3 2 1.7 2 4 0 1.7-3.5 3.8-8 3.8s-8-2.1-8-3.8c0-2.3 1.8-1.7 2-4 .5-5.5 1-7.7 4.4-8.9C11.6 3.8 11 3 12 3s.4.8 1.6 1.3c3.5 1.2 3.9 3.4 4.4 8.9zM12 20c3.9 0 6.5-1.7 6.5-2.1 0-.7-2-2-6.5-1.9-4.5 0-6.5 1.4-6.5 2 0 .3 2.6 2 6.5 2zm-2.5-2.8c.7-.1 1.6-.2 2.5-.2s1.8.1 2.5.2c-.6 1.2-1.4 1.8-2.5 1.8s-2-.6-2.5-1.8z"
          />
        </svg>
      </span>
      Price alerts
    </span>
  </div>
</div>
`;
